// Jest Snapshot v1, https://goo.gl/fbAQLP

exports[`App renders properly 1`] = `
<div>
  <h2>
    Loot Check
  </h2>
  <hr />
  <Connect(Wallet) />
</div>
`;
